// Jest Snapshot v1, https://goo.gl/fbAQLP

exports[`MobileMenu renders correctly 1`] = `
<div>
  <div
    class="fixed top-0 z-40 h-screen w-screen gap-12 bg-gradient-to-b from-grey-200 to-transparent p-4 backdrop-blur-xl transition-all delay-100 duration-700 ease-in-out dark:from-grey-900 md:hidden"
    style="opacity: 0; transform: translateX(0px) translateY(-50%) translateZ(0);"
  >
    <div
      id="focus-trap"
    >
      <ul
        class="align-center flex h-full flex-col justify-center gap-4 text-center"
      >
        <li
          style="opacity: 0; transform: translateX(-50px) translateZ(0);"
        >
          <a
            class="font-medium text-slate-700 hover:text-off-black dark:text-slate-400 dark:hover:text-off-white md:text-slate-500 md:dark:text-slate-400 md:underlined relative block whitespace-nowrap text-2xl transition md:text-lg"
            href="/about"
          >
            About
          </a>
        </li>
        <li
          style="opacity: 0; transform: translateX(-50px) translateZ(0);"
        >
          <a
            class="font-medium text-slate-700 hover:text-off-black dark:text-slate-400 dark:hover:text-off-white md:text-slate-500 md:dark:text-slate-400 md:underlined relative block whitespace-nowrap text-2xl transition md:text-lg"
            href="/uses"
          >
            Uses
          </a>
        </li>
        <li
          style="opacity: 0; transform: translateX(-50px) translateZ(0);"
        >
          <a
            class="font-medium text-slate-700 hover:text-off-black dark:text-slate-400 dark:hover:text-off-white md:text-slate-500 md:dark:text-slate-400 md:underlined relative block whitespace-nowrap text-2xl transition md:text-lg"
            href="/project"
          >
            Case Studies
          </a>
        </li>
        <li
          style="opacity: 0; transform: translateX(-50px) translateZ(0);"
        >
          <a
            class="font-medium text-slate-700 hover:text-off-black dark:text-slate-400 dark:hover:text-off-white md:text-slate-500 md:dark:text-slate-400 md:underlined relative block whitespace-nowrap text-2xl transition md:text-lg"
            href="/blog"
          >
            Blog
          </a>
        </li>
        <li
          style="opacity: 0; transform: translateX(-50px) translateZ(0);"
        >
          <a
            class="font-medium text-slate-700 hover:text-off-black dark:text-slate-400 dark:hover:text-off-white md:text-slate-500 md:dark:text-slate-400 md:underlined relative block whitespace-nowrap text-2xl transition md:text-lg"
            href="/contact"
          >
            Contact
          </a>
        </li>
        <li
          class="mt-12 flex justify-center"
          style="opacity: 0; transform: translateX(-50px) translateZ(0);"
        >
          <button
            aria-label="Toggle Dark Mode"
            class="flex items-center justify-center rounded-full border-2 border-grey-300 bg-transparent p-2 ring-grey-300 transition-all hover:ring-2 hover:ring-offset-2 dark:border-grey-700 dark:bg-transparent dark:ring-grey-200 dark:hover:ring-2 dark:hover:ring-offset-2"
            type="button"
          >
            <svg
              class="h-5 w-5 text-grey-800 dark:text-grey-200"
              fill="none"
              stroke="currentColor"
              viewBox="0 0 24 24"
              xmlns="http://www.w3.org/2000/svg"
            >
              <path
                d="M20.354 15.354A9 9 0 018.646 3.646 9.003 9.003 0 0012 21a9.003 9.003 0 008.354-5.646z"
                stroke-linecap="round"
                stroke-linejoin="round"
                stroke-width="2"
              />
            </svg>
            <span
              class="md:hidden"
            >
              Switch to 
              dark
               mode
            </span>
          </button>
        </li>
      </ul>
    </div>
  </div>
</div>
`;
