// Jest Snapshot v1, https://goo.gl/fbAQLP

exports[`ThemeToggle renders correctly 1`] = `
<div>
  <button
    aria-label="Toggle Dark Mode"
    class="flex items-center justify-center rounded-full border-2 border-grey-300 bg-transparent p-2 ring-grey-300 transition-all hover:ring-2 hover:ring-offset-2 dark:border-grey-700 dark:bg-transparent dark:ring-grey-200 dark:hover:ring-2 dark:hover:ring-offset-2"
    type="button"
  >
    <svg
      class="h-5 w-5 text-grey-800 dark:text-grey-200"
      fill="none"
      stroke="currentColor"
      viewBox="0 0 24 24"
      xmlns="http://www.w3.org/2000/svg"
    >
      <path
        d="M20.354 15.354A9 9 0 018.646 3.646 9.003 9.003 0 0012 21a9.003 9.003 0 008.354-5.646z"
        stroke-linecap="round"
        stroke-linejoin="round"
        stroke-width="2"
      />
    </svg>
    <span
      class="md:hidden"
    >
      Switch to 
      dark
       mode
    </span>
  </button>
</div>
`;
