// Jest Snapshot v1, https://goo.gl/fbAQLP

exports[`Footer renders correctly 1`] = `
<div>
  <footer
    class="mt-8 py-8 md:mt-20"
  >
    <div
      class="mx-auto w-full px-4 md:max-w-4xl lg:max-w-7xl flex justify-between"
    >
      <span>
        Â© 
        2023
         Mahmoud Irshaid
      </span>
      <ul
        class="flex gap-6"
      >
        <li
          class="text-2xl opacity-70 transition hover:opacity-100"
        >
          <a
            href="https://www.github.com/jakeherp"
            rel="noopener noreferrer"
            target="_blank"
            title="Github"
          >
            <svg
              aria-hidden="true"
              focusable="false"
              height="1em"
              viewBox="0 0 64 64"
              width="1em"
              xmlns="http://www.w3.org/2000/svg"
            >
              <path
                d="M32 1.8c-17 0-31 13.8-31 31C1 46.4 9.9 58 22.3 62.2c1.6.3 2.1-.7 2.1-1.4s0-2.7-.1-5.4c-8.6 2-10.4-4.2-10.4-4.2-1.4-3.5-3.5-4.5-3.5-4.5-2.8-2 .1-2 .1-2 3.1.1 4.8 3.2 4.8 3.2 2.7 4.8 7.3 3.4 9 2.5.3-2 1.1-3.4 2-4.2-6.8-.7-14.1-3.4-14.1-15.2 0-3.4 1.3-6.1 3.2-8.2-.3-.7-1.4-3.9.3-8.2 0 0 2.7-.8 8.6 3.2 2.5-.7 5.1-1.1 7.8-1.1s5.4.3 7.8 1.1c5.9-3.9 8.5-3.2 8.5-3.2 1.7 4.2.7 7.5.3 8.2 2 2.1 3.2 4.9 3.2 8.2 0 11.8-7.3 14.5-14.1 15.2 1.1 1 2.1 3 2.1 5.8 0 4.2-.1 7.5-.1 8.5 0 .8.6 1.7 2.1 1.4C54.1 57.8 63 46.3 63 32.6c-.1-17-14-30.8-31-30.8z"
                fill="currentColor"
              />
            </svg>
          </a>
        </li>
        <li
          class="text-2xl opacity-70 transition hover:opacity-100"
        >
          <a
            href="https://www.linkedin.com/in/mahmoudirshaid"
            rel="noopener noreferrer"
            target="_blank"
            title="LinkedIn"
          >
            <svg
              aria-hidden="true"
              focusable="false"
              height="1em"
              viewBox="0 0 64 64"
              width="1em"
              xmlns="http://www.w3.org/2000/svg"
            >
              <path
                d="M58.5 1H5.6C3.1 1 1.1 3 1.1 5.5v53c0 2.4 2 4.5 4.5 4.5h52.7c2.5 0 4.5-2 4.5-4.5V5.4C63 3 61 1 58.5 1zM19.4 53.7h-9.1V24.2h9.1v29.5zm-4.6-33.6c-3 0-5.3-2.4-5.3-5.3s2.4-5.3 5.3-5.3 5.3 2.4 5.3 5.3-2.2 5.3-5.3 5.3zm39.1 33.6h-9.1V39.4c0-3.4-.1-7.9-4.8-7.9-4.8 0-5.5 3.8-5.5 7.6v14.6h-9.1V24.2h8.9v4.1h.1c1.3-2.4 4.2-4.8 8.7-4.8 9.3 0 11 6 11 14.2v16h-.2z"
                fill="currentColor"
              />
            </svg>
          </a>
        </li>
        <li
          class="text-2xl opacity-70 transition hover:opacity-100"
        >
          <a
            href="https://twitter.com/jakeherp"
            rel="noopener noreferrer"
            target="_blank"
            title="Twitter"
          >
            <svg
              aria-hidden="true"
              focusable="false"
              height="1em"
              viewBox="0 0 64 64"
              width="1em"
              xmlns="http://www.w3.org/2000/svg"
            >
              <path
                d="M20.3 57.4c23.6 0 36.4-19.5 36.4-36.4 0-.4 0-1.1-.1-1.7 2.5-1.8 4.7-4.1 6.4-6.6-2.4 1.1-4.8 1.7-7.3 2 2.7-1.6 4.7-4.1 5.6-7.1-2.5 1.4-5.1 2.5-8.2 3.1-2.4-2.5-5.6-4.1-9.3-4.1-7.1 0-12.9 5.8-12.9 12.9 0 1 .1 2 .3 3C20.9 21.8 11.5 16.7 5.1 9c-1.1 2-1.7 4.1-1.7 6.4 0 4.5 2.3 8.3 5.8 10.6-2.1-.1-4.1-.7-5.8-1.6v.1c0 6.1 4.4 11.4 10.2 12.6-1.1.3-2.3.4-3.2.4-.8 0-1.7-.1-2.4-.3 1.7 5.1 6.4 8.8 12 8.9-4.4 3.4-9.9 5.5-15.8 5.5-1.2.2-2.2 0-3.2-.1 5.4 3.8 12.1 5.9 19.3 5.9"
                fill="currentColor"
              />
            </svg>
          </a>
        </li>
        <li
          class="text-2xl opacity-70 transition hover:opacity-100"
        >
          <a
            href="https://www.instagram.com/jakeherp"
            rel="noopener noreferrer"
            target="_blank"
            title="Instagram"
          >
            <svg
              aria-hidden="true"
              focusable="false"
              height="1em"
              viewBox="0 0 64 64"
              width="1em"
              xmlns="http://www.w3.org/2000/svg"
            >
              <path
                d="M62.9 19.2c-.1-3.2-.7-5.5-1.4-7.6S59.7 7.8 58 6.1s-3.4-2.7-5.4-3.5c-2-.8-4.2-1.3-7.6-1.4C41.5 1 40.5 1 32 1s-9.4 0-12.8.1-5.5.7-7.6 1.4-3.8 1.9-5.5 3.6-2.8 3.4-3.5 5.5c-.8 2-1.3 4.2-1.4 7.6S1 23.5 1 32s0 9.4.1 12.8c.1 3.4.7 5.5 1.4 7.6.7 2.1 1.8 3.8 3.5 5.5s3.5 2.8 5.5 3.5c2 .7 4.2 1.3 7.6 1.4 3.4.2 4.3.2 12.8.2s9.4 0 12.8-.1 5.5-.7 7.6-1.4c2.1-.7 3.8-1.8 5.5-3.5s2.8-3.5 3.5-5.5c.7-2 1.3-4.2 1.4-7.6.1-3.2.1-4.2.1-12.7s.2-9.6.1-13zm-5.6 25.3c-.1 3-.7 4.6-1.1 5.8-.6 1.4-1.3 2.5-2.4 3.5-1.1 1.1-2.1 1.7-3.5 2.4-1.1.4-2.7 1-5.8 1.1H32.1c-8.2 0-9.3 0-12.5-.1-3-.1-4.6-.7-5.8-1.1-1.4-.6-2.5-1.3-3.5-2.4-1.1-1.1-1.7-2.1-2.4-3.5-.4-1.1-1-2.7-1.1-5.8V32c0-8.3 0-9.3.1-12.5.1-3 .7-4.6 1.1-5.8.6-1.4 1.3-2.5 2.3-3.5 1.1-1.1 2.1-1.7 3.5-2.3 1.1-.4 2.7-1 5.8-1.1 3.2-.1 4.2-.1 12.5-.1s9.3 0 12.5.1c3 .1 4.6.7 5.8 1.1 1.4.6 2.5 1.3 3.5 2.3 1.1 1.1 1.7 2.1 2.4 3.5.4 1.1 1 2.7 1.1 5.8.1 3.2.1 4.2.1 12.5s-.1 9.3-.2 12.5z"
                fill="currentColor"
              />
              <path
                d="M32 16.1c-8.9 0-15.9 7.2-15.9 15.9 0 8.9 7.2 15.9 15.9 15.9s16-7 16-15.9-7.1-15.9-16-15.9zm0 26.3c-5.8 0-10.4-4.7-10.4-10.4S26.3 21.6 32 21.6c5.8 0 10.4 4.6 10.4 10.4S37.8 42.4 32 42.4z"
                fill="currentColor"
              />
              <circle
                cx="48.7"
                cy="15.4"
                fill="currentColor"
                r="3.7"
              />
            </svg>
          </a>
        </li>
      </ul>
    </div>
  </footer>
</div>
`;
