// Jest Snapshot v1, https://goo.gl/fbAQLP

exports[`Service should render 1`] = `
<article
  id="service"
>
  <h3
    class="headline mt-20 text-xl md:text-2xl lg:text-4xl"
  >
    Service
  </h3>
  <div
    class="flex flex-col lg:gap-12 lg:flex-row"
  >
    <img
      alt="Illustration for Service"
      class="mt-8 px-12 lg:mt-0 lg:w-1/4 lg:px-0"
      data-nimg="1"
      decoding="async"
      height="600"
      loading="lazy"
      src="/_next/image?url=https%3A%2F%2Fvia.placeholder.com%2F900x600&w=1920&q=75"
      srcset="/_next/image?url=https%3A%2F%2Fvia.placeholder.com%2F900x600&w=1080&q=75 1x, /_next/image?url=https%3A%2F%2Fvia.placeholder.com%2F900x600&w=1920&q=75 2x"
      style="color: transparent;"
      width="900"
    />
    <div>
      <p
        class="mt-4 text-xl font-semibold md:text-xl lg:text-2xl"
      >
        Some Subtitle
      </p>
    </div>
  </div>
</article>
`;
