// Jest Snapshot v1, https://goo.gl/fbAQLP

exports[`Header renders correctly 1`] = `
<div>
  <div
    class="headroom-wrapper"
  >
    <div
      class="headroom headroom--unfixed"
      style="position: relative; top: 0px; left: 0px; right: 0px; z-index: 50; transform: translate3D(0, 0, 0);"
    >
      <header
        class="relative z-50 py-8 backdrop-blur-md"
      >
        <div
          class="mx-auto w-full px-4 md:max-w-4xl lg:max-w-7xl"
        >
          <div
            class="flex items-center justify-between"
          >
            <nav
              class="hidden md:block"
            >
              <ul
                class="flex gap-8 text-lg"
              />
            </nav>
            <button
              aria-label="Menu"
              class="absolute right-4 top-8 z-50 md:hidden"
            >
              <div
                class="burger-icon"
              >
                <span />
                <span />
                <span />
                <span />
              </div>
            </button>
            <div
              class="hidden md:block"
            >
              <button
                aria-label="Toggle Dark Mode"
                class="flex items-center justify-center rounded-full border-2 border-grey-300 bg-transparent p-2 ring-grey-300 transition-all hover:ring-2 hover:ring-offset-2 dark:border-grey-700 dark:bg-transparent dark:ring-grey-200 dark:hover:ring-2 dark:hover:ring-offset-2"
                type="button"
              >
                <svg
                  class="h-5 w-5 text-grey-800 dark:text-grey-200"
                  fill="none"
                  stroke="currentColor"
                  viewBox="0 0 24 24"
                  xmlns="http://www.w3.org/2000/svg"
                >
                  <path
                    d="M20.354 15.354A9 9 0 018.646 3.646 9.003 9.003 0 0012 21a9.003 9.003 0 008.354-5.646z"
                    stroke-linecap="round"
                    stroke-linejoin="round"
                    stroke-width="2"
                  />
                </svg>
                <span
                  class="md:hidden"
                >
                  Switch to 
                  dark
                   mode
                </span>
              </button>
            </div>
          </div>
        </div>
      </header>
    </div>
  </div>
</div>
`;
